// Jest Snapshot v1, https://goo.gl/fbAQLP

exports[`Login should match snapshot 1`] = `
<main
  className="login"
>
  <div
    className="login-content"
  >
    <form
      className="login-form"
    >
      <input
        name="username"
        onChange={[Function]}
        placeholder="Username"
        type="text"
      />
      <input
        name="password"
        onChange={[Function]}
        placeholder="Password"
        type="password"
      />
      <button
        onClick={[Function]}
      >
        Login
      </button>
      <button
        onClick={[Function]}
      >
        Continue as Guest
      </button>
      <button>
        <Link
          className="link"
          to="/SignUp"
        >
          Sign Up
        </Link>
      </button>
    </form>
    <br />
    <h4>
      Find drinks to enjoy while your enjoying yourself in Sin City without the intoxicating effects of alcohol (if you so chose). Otherwise feel free to browse our alcoholc drinks in the 'Off the Wagon' section!
    </h4>
  </div>
</main>
`;
